2025-05-02 08:23:38,329 [INFO] WebApp:194 - Connection lost
2025-05-02 08:23:56,574 [INFO] WebApp:191 - Connection restablished
2025-05-02 08:45:23,753 [INFO] UtilMem:75 - End SaveConfig() Used Memory: 535891472 Bytes (998244352)
2025-05-02 08:45:25,229 [INFO] UtilMem:75 - End SaveConfig() Used Memory: 636032528 Bytes (998244352)
2025-05-02 08:45:25,825 [INFO] BlockDiagram:2775 - set Specific Code input for plugin: SYS
2025-05-02 08:45:25,827 [INFO] BlockDiagram:2775 - set Specific Code input for plugin: RCC
2025-05-02 08:45:25,829 [INFO] BlockDiagram:2775 - set Specific Code input for plugin: NVIC
2025-05-02 08:45:25,830 [INFO] BlockDiagram:2775 - set Specific Code input for plugin: USART
2025-05-02 08:45:25,830 [INFO] BlockDiagram:2775 - set Specific Code input for plugin: USART
2025-05-02 08:45:25,832 [INFO] BlockDiagram:2775 - set Specific Code input for plugin: GPIO
2025-05-02 08:45:25,833 [INFO] CodeGenerator:882 - code generatio: config db path: C:\ST\STM32CubeIDE_1.18.1\STM32CubeIDE\plugins\com.st.stm32cube.common.mx_6.14.1.202504091515\\db\
2025-05-02 08:45:25,942 [INFO] CodeEngine:263 - oldGeneratedFile, D:\CubeIDE_Practice\STM32fun\F429ZIT6_Blink\MXTmpFiles\license.tmp_save
2025-05-02 08:45:26,175 [INFO] CodeEngine:287 - Generated code: D:\CubeIDE_Practice\STM32fun\F429ZIT6_Blink\MXTmpFiles\license.tmp
2025-05-02 08:45:26,190 [INFO] CodeEngine:263 - oldGeneratedFile, D:\CubeIDE_Practice\STM32fun\F429ZIT6_Blink\MXTmpFiles\gpio.tmp_save
2025-05-02 08:45:26,331 [INFO] CodeEngine:287 - Generated code: D:\CubeIDE_Practice\STM32fun\F429ZIT6_Blink\MXTmpFiles\gpio.tmp
2025-05-02 08:45:26,374 [INFO] CodeEngine:263 - oldGeneratedFile, D:\CubeIDE_Practice\STM32fun\F429ZIT6_Blink\Core\Src\stm32f4xx_it.c_save
2025-05-02 08:45:26,616 [INFO] CodeEngine:287 - Generated code: D:\CubeIDE_Practice\STM32fun\F429ZIT6_Blink\Core\Src\stm32f4xx_it.c
2025-05-02 08:45:26,622 [INFO] CodeEngine:263 - oldGeneratedFile, D:\CubeIDE_Practice\STM32fun\F429ZIT6_Blink\Core\Inc\stm32f4xx_it.h_save
2025-05-02 08:45:26,704 [INFO] CodeEngine:287 - Generated code: D:\CubeIDE_Practice\STM32fun\F429ZIT6_Blink\Core\Inc\stm32f4xx_it.h
2025-05-02 08:45:26,720 [INFO] CodeEngine:263 - oldGeneratedFile, D:\CubeIDE_Practice\STM32fun\F429ZIT6_Blink\Core\Src\stm32f4xx_hal_msp.c_save
2025-05-02 08:45:26,896 [INFO] CodeEngine:287 - Generated code: D:\CubeIDE_Practice\STM32fun\F429ZIT6_Blink\Core\Src\stm32f4xx_hal_msp.c
2025-05-02 08:45:26,902 [INFO] CodeEngine:263 - oldGeneratedFile, D:\CubeIDE_Practice\STM32fun\F429ZIT6_Blink\MXTmpFiles\system.tmp_save
2025-05-02 08:45:26,982 [INFO] CodeEngine:287 - Generated code: D:\CubeIDE_Practice\STM32fun\F429ZIT6_Blink\MXTmpFiles\system.tmp
2025-05-02 08:45:26,994 [INFO] CodeEngine:319 - oldGeneratedFile, D:\CubeIDE_Practice\STM32fun\F429ZIT6_Blink\Core\Inc\stm32f4xx_hal_conf.h_save
2025-05-02 08:45:27,080 [INFO] CodeEngine:343 - Generated code: D:\CubeIDE_Practice\STM32fun\F429ZIT6_Blink\Core\Inc\stm32f4xx_hal_conf.h
2025-05-02 08:45:27,103 [INFO] CodeEngine:263 - oldGeneratedFile, D:\CubeIDE_Practice\STM32fun\F429ZIT6_Blink\Core\Inc\main.h_save
2025-05-02 08:45:27,198 [INFO] CodeEngine:287 - Generated code: D:\CubeIDE_Practice\STM32fun\F429ZIT6_Blink\Core\Inc\main.h
2025-05-02 08:45:27,203 [INFO] CodeEngine:263 - oldGeneratedFile, D:\CubeIDE_Practice\STM32fun\F429ZIT6_Blink\Core\Src\main.c_save
2025-05-02 08:45:27,316 [INFO] CodeEngine:287 - Generated code: D:\CubeIDE_Practice\STM32fun\F429ZIT6_Blink\Core\Src\main.c
2025-05-02 08:45:27,798 [INFO] ProjectBuilder:3324 - Time for Copy HAL[1] : 203mS.
2025-05-02 08:45:27,800 [INFO] ProjectBuilder:4912 - Project Generator version: 4.6.0.1-B1
2025-05-02 08:45:27,885 [INFO] ConfigFileManager:1590 - The Die is : DIE419
2025-05-02 08:45:29,072 [INFO] ProjectBuilder:5191 - Time for Generating toolchain IDE Files: 1271mS.
2025-05-02 08:45:29,072 [INFO] ProjectBuilder:3181 - Time for Copy CMSIS : 0mS.
2025-05-02 08:45:29,074 [INFO] ProjectBuilder:3181 - Time for Copy CMSIS : 0mS.
2025-05-02 08:51:08,045 [INFO] UtilMem:75 - End SaveConfig() Used Memory: 601658832 Bytes (1063256064)
2025-05-02 08:51:09,258 [INFO] UtilMem:75 - End SaveConfig() Used Memory: 702322120 Bytes (1063256064)
2025-05-02 08:51:09,990 [INFO] BlockDiagram:2775 - set Specific Code input for plugin: SYS
2025-05-02 08:51:09,990 [INFO] BlockDiagram:2775 - set Specific Code input for plugin: RCC
2025-05-02 08:51:09,990 [INFO] BlockDiagram:2775 - set Specific Code input for plugin: NVIC
2025-05-02 08:51:09,990 [INFO] BlockDiagram:2775 - set Specific Code input for plugin: USART
2025-05-02 08:51:09,992 [INFO] BlockDiagram:2775 - set Specific Code input for plugin: USART
2025-05-02 08:51:09,992 [INFO] BlockDiagram:2775 - set Specific Code input for plugin: GPIO
2025-05-02 08:51:09,993 [INFO] CodeGenerator:882 - code generatio: config db path: C:\ST\STM32CubeIDE_1.18.1\STM32CubeIDE\plugins\com.st.stm32cube.common.mx_6.14.1.202504091515\\db\
2025-05-02 08:51:10,434 [INFO] CodeEngine:263 - oldGeneratedFile, D:\CubeIDE_Practice\STM32fun\F429ZIT6_Blink\MXTmpFiles\license.tmp_save
2025-05-02 08:51:10,586 [INFO] CodeEngine:287 - Generated code: D:\CubeIDE_Practice\STM32fun\F429ZIT6_Blink\MXTmpFiles\license.tmp
2025-05-02 08:51:10,601 [INFO] CodeEngine:263 - oldGeneratedFile, D:\CubeIDE_Practice\STM32fun\F429ZIT6_Blink\MXTmpFiles\gpio.tmp_save
2025-05-02 08:51:10,705 [INFO] CodeEngine:287 - Generated code: D:\CubeIDE_Practice\STM32fun\F429ZIT6_Blink\MXTmpFiles\gpio.tmp
2025-05-02 08:51:10,752 [INFO] CodeEngine:263 - oldGeneratedFile, D:\CubeIDE_Practice\STM32fun\F429ZIT6_Blink\Core\Src\stm32f4xx_it.c_save
2025-05-02 08:51:10,861 [INFO] CodeEngine:287 - Generated code: D:\CubeIDE_Practice\STM32fun\F429ZIT6_Blink\Core\Src\stm32f4xx_it.c
2025-05-02 08:51:10,866 [INFO] CodeEngine:263 - oldGeneratedFile, D:\CubeIDE_Practice\STM32fun\F429ZIT6_Blink\Core\Inc\stm32f4xx_it.h_save
2025-05-02 08:51:10,952 [INFO] CodeEngine:287 - Generated code: D:\CubeIDE_Practice\STM32fun\F429ZIT6_Blink\Core\Inc\stm32f4xx_it.h
2025-05-02 08:51:10,966 [INFO] CodeEngine:263 - oldGeneratedFile, D:\CubeIDE_Practice\STM32fun\F429ZIT6_Blink\Core\Src\stm32f4xx_hal_msp.c_save
2025-05-02 08:51:11,109 [INFO] CodeEngine:287 - Generated code: D:\CubeIDE_Practice\STM32fun\F429ZIT6_Blink\Core\Src\stm32f4xx_hal_msp.c
2025-05-02 08:51:11,114 [INFO] CodeEngine:263 - oldGeneratedFile, D:\CubeIDE_Practice\STM32fun\F429ZIT6_Blink\MXTmpFiles\system.tmp_save
2025-05-02 08:51:11,196 [INFO] CodeEngine:287 - Generated code: D:\CubeIDE_Practice\STM32fun\F429ZIT6_Blink\MXTmpFiles\system.tmp
2025-05-02 08:51:11,206 [INFO] CodeEngine:319 - oldGeneratedFile, D:\CubeIDE_Practice\STM32fun\F429ZIT6_Blink\Core\Inc\stm32f4xx_hal_conf.h_save
2025-05-02 08:51:11,296 [INFO] CodeEngine:343 - Generated code: D:\CubeIDE_Practice\STM32fun\F429ZIT6_Blink\Core\Inc\stm32f4xx_hal_conf.h
2025-05-02 08:51:11,321 [INFO] CodeEngine:263 - oldGeneratedFile, D:\CubeIDE_Practice\STM32fun\F429ZIT6_Blink\Core\Inc\main.h_save
2025-05-02 08:51:11,407 [INFO] CodeEngine:287 - Generated code: D:\CubeIDE_Practice\STM32fun\F429ZIT6_Blink\Core\Inc\main.h
2025-05-02 08:51:11,412 [INFO] CodeEngine:263 - oldGeneratedFile, D:\CubeIDE_Practice\STM32fun\F429ZIT6_Blink\Core\Src\main.c_save
2025-05-02 08:51:11,552 [INFO] CodeEngine:287 - Generated code: D:\CubeIDE_Practice\STM32fun\F429ZIT6_Blink\Core\Src\main.c
2025-05-02 08:51:11,996 [INFO] ProjectBuilder:3324 - Time for Copy HAL[1] : 135mS.
2025-05-02 08:51:12,000 [INFO] ProjectBuilder:4912 - Project Generator version: 4.6.0.1-B1
2025-05-02 08:51:12,099 [INFO] ConfigFileManager:1590 - The Die is : DIE419
2025-05-02 08:51:13,403 [INFO] ProjectBuilder:5191 - Time for Generating toolchain IDE Files: 1403mS.
2025-05-02 08:51:13,404 [INFO] ProjectBuilder:3181 - Time for Copy CMSIS : 0mS.
2025-05-02 08:51:13,406 [INFO] ProjectBuilder:3181 - Time for Copy CMSIS : 0mS.
2025-05-02 08:59:15,897 [INFO] UtilMem:75 - End SaveConfig() Used Memory: 797643976 Bytes (1038090240)
2025-05-02 08:59:16,815 [INFO] UtilMem:75 - End SaveConfig() Used Memory: 846404808 Bytes (1038090240)
2025-05-02 08:59:17,391 [INFO] BlockDiagram:2775 - set Specific Code input for plugin: SYS
2025-05-02 08:59:17,391 [INFO] BlockDiagram:2775 - set Specific Code input for plugin: RCC
2025-05-02 08:59:17,392 [INFO] BlockDiagram:2775 - set Specific Code input for plugin: NVIC
2025-05-02 08:59:17,392 [INFO] BlockDiagram:2775 - set Specific Code input for plugin: USART
2025-05-02 08:59:17,392 [INFO] BlockDiagram:2775 - set Specific Code input for plugin: USART
2025-05-02 08:59:17,393 [INFO] BlockDiagram:2775 - set Specific Code input for plugin: GPIO
2025-05-02 08:59:17,396 [INFO] CodeGenerator:882 - code generatio: config db path: C:\ST\STM32CubeIDE_1.18.1\STM32CubeIDE\plugins\com.st.stm32cube.common.mx_6.14.1.202504091515\\db\
2025-05-02 08:59:17,577 [INFO] CodeEngine:263 - oldGeneratedFile, D:\CubeIDE_Practice\STM32fun\F429ZIT6_Blink\MXTmpFiles\license.tmp_save
2025-05-02 08:59:17,662 [INFO] CodeEngine:287 - Generated code: D:\CubeIDE_Practice\STM32fun\F429ZIT6_Blink\MXTmpFiles\license.tmp
2025-05-02 08:59:17,675 [INFO] CodeEngine:263 - oldGeneratedFile, D:\CubeIDE_Practice\STM32fun\F429ZIT6_Blink\MXTmpFiles\gpio.tmp_save
2025-05-02 08:59:17,737 [INFO] CodeEngine:287 - Generated code: D:\CubeIDE_Practice\STM32fun\F429ZIT6_Blink\MXTmpFiles\gpio.tmp
2025-05-02 08:59:17,817 [INFO] CodeEngine:263 - oldGeneratedFile, D:\CubeIDE_Practice\STM32fun\F429ZIT6_Blink\Core\Src\stm32f4xx_it.c_save
2025-05-02 08:59:17,901 [INFO] CodeEngine:287 - Generated code: D:\CubeIDE_Practice\STM32fun\F429ZIT6_Blink\Core\Src\stm32f4xx_it.c
2025-05-02 08:59:17,906 [INFO] CodeEngine:263 - oldGeneratedFile, D:\CubeIDE_Practice\STM32fun\F429ZIT6_Blink\Core\Inc\stm32f4xx_it.h_save
2025-05-02 08:59:17,952 [INFO] CodeEngine:287 - Generated code: D:\CubeIDE_Practice\STM32fun\F429ZIT6_Blink\Core\Inc\stm32f4xx_it.h
2025-05-02 08:59:17,962 [INFO] CodeEngine:263 - oldGeneratedFile, D:\CubeIDE_Practice\STM32fun\F429ZIT6_Blink\Core\Src\stm32f4xx_hal_msp.c_save
2025-05-02 08:59:18,033 [INFO] CodeEngine:287 - Generated code: D:\CubeIDE_Practice\STM32fun\F429ZIT6_Blink\Core\Src\stm32f4xx_hal_msp.c
2025-05-02 08:59:18,036 [INFO] CodeEngine:263 - oldGeneratedFile, D:\CubeIDE_Practice\STM32fun\F429ZIT6_Blink\MXTmpFiles\system.tmp_save
2025-05-02 08:59:18,082 [INFO] CodeEngine:287 - Generated code: D:\CubeIDE_Practice\STM32fun\F429ZIT6_Blink\MXTmpFiles\system.tmp
2025-05-02 08:59:18,090 [INFO] CodeEngine:319 - oldGeneratedFile, D:\CubeIDE_Practice\STM32fun\F429ZIT6_Blink\Core\Inc\stm32f4xx_hal_conf.h_save
2025-05-02 08:59:18,146 [INFO] CodeEngine:343 - Generated code: D:\CubeIDE_Practice\STM32fun\F429ZIT6_Blink\Core\Inc\stm32f4xx_hal_conf.h
2025-05-02 08:59:18,165 [INFO] CodeEngine:263 - oldGeneratedFile, D:\CubeIDE_Practice\STM32fun\F429ZIT6_Blink\Core\Inc\main.h_save
2025-05-02 08:59:18,222 [INFO] CodeEngine:287 - Generated code: D:\CubeIDE_Practice\STM32fun\F429ZIT6_Blink\Core\Inc\main.h
2025-05-02 08:59:18,226 [INFO] CodeEngine:263 - oldGeneratedFile, D:\CubeIDE_Practice\STM32fun\F429ZIT6_Blink\Core\Src\main.c_save
2025-05-02 08:59:18,304 [INFO] CodeEngine:287 - Generated code: D:\CubeIDE_Practice\STM32fun\F429ZIT6_Blink\Core\Src\main.c
2025-05-02 08:59:18,564 [INFO] ProjectBuilder:3324 - Time for Copy HAL[1] : 111mS.
2025-05-02 08:59:18,566 [INFO] ProjectBuilder:4912 - Project Generator version: 4.6.0.1-B1
2025-05-02 08:59:18,637 [INFO] ConfigFileManager:1590 - The Die is : DIE419
2025-05-02 08:59:19,356 [INFO] ProjectBuilder:5191 - Time for Generating toolchain IDE Files: 789mS.
2025-05-02 08:59:19,358 [INFO] ProjectBuilder:3181 - Time for Copy CMSIS : 1mS.
2025-05-02 08:59:19,360 [INFO] ProjectBuilder:3181 - Time for Copy CMSIS : 0mS.
